=~=~=~=~=~=~=~=~=~=~=~= PuTTY log 2021.12.12 23:52:41 =~=~=~=~=~=~=~=~=~=~=~=
Using username "mqk5896".
mqk5896@e5-cse-cs431fa21s1-40.vmhost.psu.edu's password: 
Welcome to Ubuntu 18.04.6 LTS (GNU/Linux 4.15.0-140-generic x86_64)

 * Documentation:  https://help.ubuntu.com
 * Management:     https://landscape.canonical.com
 * Support:        https://ubuntu.com/advantage
Failed to connect to https://changelogs.ubuntu.com/meta-release-lts. Check your Internet connection or proxy settings

Last login: Sun Dec 12 23:35:41 2021 from 172.18.181.234
mqk5896@e5-cse-cs431fa21s1-40:~$ mqk5896@e5-cse-cs431fa21s1-40:~$ mysql -p
Enter password: 
Welcome to the MySQL monitor.  Commands end with ; or \g.
Your MySQL connection id is 491
Server version: 5.7.35-0ubuntu0.18.04.2 (Ubuntu)

Copyright (c) 2000, 2021, Oracle and/or its affiliates.

Oracle is a registered trademark of Oracle Corporation and/or its
affiliates. Other names may be trademarks of their respective
owners.

Type 'help;' or '\h' for help. Type '\c' to clear the current input statement.

mysql> use mqk5896_431W
Database changed
mysql> show tables;
Empty set (0.01 sec)

mysql> create table team(tid varchar(6), team varchar(20), conference varchar(20), sid varchar(6), cid varchar(6), team_champs( varchar(int(2), primary key(tid), index(tid));
Query OK, 0 rows affected (0.04 sec)

mysql> load data local infile "~/team.csv" into table team fields terminated by ',' enclosed by '"' lines terminated by '\r\n' (tid, team, conference, sid, cid, team_champs);
Query OK, 43 rows affected (0.01 sec)
Records: 43  Deleted: 0  Skipped: 0  Warnings: 0

mysql> create table players(pid varchar(6), name varchar(50), tid varchar(6), position varchar(10), height varchar(5), weight int(3), games int(3)10), minutes int(10), points int(10), rebound s int(10), assists int(10), priamary key(pid), index(pid));
Query OK, 0 rows affected (0.04 sec)

mysql> load data local infile "~/players.csv" into table players fileds terminated by ',' enclosed by '"' lines terminated by '\r\n' (pdid, name, tid, position, height, weight, games, minute s, points, rebounds, assists);
ERROR 1064 (42000): You have an error in your SQL syntax; check the manual that corresponds to your MySQL server version for the right syntax to use near 'fileds terminated by ',' enclosed by '"' lines terminated by '\r\n' (pid, name, ' at line 1
mysql> load data local infile "~/players.csv" into table players fileds terminated by ',' enclosed by '"' lines terminated by '\r\n' (pid, name, tid, position, height, weight, games, minute s, points, rebounds, assists);ledsss,,,    p ppoooiiinfoninipioie opol ,p pds , se,s,es
Query OK, 86 rows affected (0.00 sec)
Records: 86  Deleted: 0  Skipped: 0  Warnings: 0

mysql> create table academics(pid varchar(6), year varchar(10), major varchar(20) pri, primary key(pid,), ), index(pid));
Query OK, 0 rows affected (0.03 sec)

mysql> loa d data local infile "~/academics.csv" into table academics fields terminated by ',' enclosed by '"' lines terminated by '\r\n' (pid, year, major);
Query OK, 86 rows affected, 3 warnings (0.00 sec)
Records: 86  Deleted: 0  Skipped: 0  Warnings: 3

mysql> create table team_stat(tid varchar(6), PPG float(5,2), RPG float(5,2), APG(5, 2)2), primary key(tid), index(tid));
ERROR 1064 (42000): You have an error in your SQL syntax; check the manual that corresponds to your MySQL server version for the right syntax to use near '(5,2), primary key(tid), index(tid))' at line 1
mysql> create table team_stat(tid varchar(6), PPG float(5,2), RPG float(5,2), APG(5,2), primary key(tid), index(tid));(5,2), primary key(tidd (f(l(o(a(t(
Query OK, 0 rows affected (0.04 sec)

mysql> load data local infile "~/team_stat.csv" nint o table team_stat fields terminated by ',' enclosed by '"' lines terminated by '\r\n' (tid, PPgG, RPG, APG);
Query OK, 43 rows affected (0.01 sec)
Records: 43  Deleted: 0  Skipped: 0  Warnings: 0

mysql> create table coach(cid varchar(6), coach varchar(50), start_date varchar(10), coach_champs( int(2), primaryk key(cid), index(cid));
Query OK, 0 rows affected (0.08 sec)

mysql> load data local infile "~/coach.csv" into table coach fields terminated by ',' enclosed by '"' lines terinminated by '\r\n' (cid, coach, start_dtaate, coach_champs);
Query OK, 43 rows affected (0.02 sec)
Records: 43  Deleted: 0  Skipped: 0  Warnings: 0

mysql> create table stadium(sid varchar(6), stadium varchar(50), capacity int(6), locatinon varchar(20), avg_attendance int(6), primary key(sid_), index(sid));
Query OK, 0 rows affected (0.04 sec)

mysql> load data local infile "~/stadium.csv" into o table stadium fields terminate byd by ',' enclosed by '"' lines terminated by '\r\n' (sid, stadium, capacity, location., avg_attendance);
Query OK, 43 rows affected, 86 warnings (0.02 sec)
Records: 43  Deleted: 0  Skipped: 0  Warnings: 86

mysql> create table game(gid int(6) auto_increment, home varchar(6), data varchar(6)10), home_points int(3), home_rebonunds int(2), home_assists int(2), away_points int(3), away_rebpuounds int(2 ) away_assists int(2)ta))e2 ) a()2)wt2(2an(t(titntnntyitnt  ninvdsi iad s rnsdscudndhonunabuoureobo(rbeb6_ere)yr_r,a_y_ wyaydate varchar(10), home_points int(3), home_rebounds int(2), home_assists int(2), away_points int(3), awaay_rebounds int(2) away_assists int(2)), primary key(gid), index(gid));
ERROR 1064 (42000): You have an error in your SQL syntax; check the manual that corresponds to your MySQL server version for the right syntax to use near 'away_assists int(2), primary key(gid), index(gid))' at line 1
mysql> create table game(gid int(6) auto_increment, home varchar(6), away varchar(6), date varchar(10), home_points int(3), home_rebounds int(2), home_assists int(2), away_points int(3), aw ay_rebounds int(2) away_assists int(2), primary key(gid), index(gid));_assists int(2), away_points int(3), awaay_rebounds int(2) away_assists ), 
Query OK, 0 rows affected (0.03 sec)

mysql> create table AP(rank int(2) auto_increment, tid varchar(6), W int(2), L int(2), primary key(rank), index(rank));
Query OK, 0 rows affected (0.03 sec)

mysql> describe team;
+-------------+-------------+------+-----+---------+-------+
| Field       | Type        | Null | Key | Default | Extra |
+-------------+-------------+------+-----+---------+-------+
| tid         | varchar(6)  | NO   | PRI | NULL    |       |
| team        | varchar(20) | YES  |     | NULL    |       |
| conference  | varchar(20) | YES  |     | NULL    |       |
| sid         | varchar(6)  | YES  |     | NULL    |       |
| cid         | varchar(6)  | YES  |     | NULL    |       |
| team_champs | int(2)      | YES  |     | NULL    |       |
+-------------+-------------+------+-----+---------+-------+
6 rows in set (0.00 sec)

mysql> describe players;
+----------+-------------+------+-----+---------+-------+
| Field    | Type        | Null | Key | Default | Extra |
+----------+-------------+------+-----+---------+-------+
| pid      | varchar(6)  | NO   | PRI | NULL    |       |
| name     | varchar(50) | YES  |     | NULL    |       |
| tid      | varchar(6)  | YES  |     | NULL    |       |
| position | varchar(10) | YES  |     | NULL    |       |
| height   | varchar(5)  | YES  |     | NULL    |       |
| weight   | int(3)      | YES  |     | NULL    |       |
| games    | int(10)     | YES  |     | NULL    |       |
| minutes  | int(10)     | YES  |     | NULL    |       |
| points   | int(10)     | YES  |     | NULL    |       |
| rebounds | int(10)     | YES  |     | NULL    |       |
| assists  | int(10)     | YES  |     | NULL    |       |
+----------+-------------+------+-----+---------+-------+
11 rows in set (0.00 sec)

mysql> describe academics;
+-------+-------------+------+-----+---------+-------+
| Field | Type        | Null | Key | Default | Extra |
+-------+-------------+------+-----+---------+-------+
| pid   | varchar(6)  | NO   | PRI | NULL    |       |
| year  | varchar(10) | YES  |     | NULL    |       |
| major | varchar(20) | YES  |     | NULL    |       |
+-------+-------------+------+-----+---------+-------+
3 rows in set (0.00 sec)

mysql> describe team_stat;
+-------+------------+------+-----+---------+-------+
| Field | Type       | Null | Key | Default | Extra |
+-------+------------+------+-----+---------+-------+
| tid   | varchar(6) | NO   | PRI | NULL    |       |
| PPG   | float(5,2) | YES  |     | NULL    |       |
| RPG   | float(5,2) | YES  |     | NULL    |       |
| APG   | float(5,2) | YES  |     | NULL    |       |
+-------+------------+------+-----+---------+-------+
4 rows in set (0.00 sec)

mysql> describe coach;
+--------------+-------------+------+-----+---------+-------+
| Field        | Type        | Null | Key | Default | Extra |
+--------------+-------------+------+-----+---------+-------+
| cid          | varchar(6)  | NO   | PRI | NULL    |       |
| coach        | varchar(50) | YES  |     | NULL    |       |
| start_date   | varchar(10) | YES  |     | NULL    |       |
| coach_champs | int(2)      | YES  |     | NULL    |       |
+--------------+-------------+------+-----+---------+-------+
4 rows in set (0.00 sec)

mysql> describe stadium;
+----------------+-------------+------+-----+---------+-------+
| Field          | Type        | Null | Key | Default | Extra |
+----------------+-------------+------+-----+---------+-------+
| sid            | varchar(6)  | NO   | PRI | NULL    |       |
| stadium        | varchar(50) | YES  |     | NULL    |       |
| capacity       | int(6)      | YES  |     | NULL    |       |
| location       | varchar(20) | YES  |     | NULL    |       |
| avg_attendance | int(6)      | YES  |     | NULL    |       |
+----------------+-------------+------+-----+---------+-------+
5 rows in set (0.00 sec)

mysql> describe game;
+---------------+-------------+------+-----+---------+----------------+
| Field         | Type        | Null | Key | Default | Extra          |
+---------------+-------------+------+-----+---------+----------------+
| gid           | int(6)      | NO   | PRI | NULL    | auto_increment |
| home          | varchar(6)  | YES  |     | NULL    |                |
| away          | varchar(6)  | YES  |     | NULL    |                |
| date          | varchar(10) | YES  |     | NULL    |                |
| home_points   | int(3)      | YES  |     | NULL    |                |
| home_rebounds | int(2)      | YES  |     | NULL    |                |
| home_assists  | int(2)      | YES  |     | NULL    |                |
| away_points   | int(3)      | YES  |     | NULL    |                |
| away_rebounds | int(2)      | YES  |     | NULL    |                |
| away_assists  | int(2)      | YES  |     | NULL    |                |
+---------------+-------------+------+-----+---------+----------------+
10 rows in set (0.00 sec)

mysql> describe AP;
+-------+------------+------+-----+---------+----------------+
| Field | Type       | Null | Key | Default | Extra          |
+-------+------------+------+-----+---------+----------------+
| rank  | int(2)     | NO   | PRI | NULL    | auto_increment |
| tid   | varchar(6) | YES  |     | NULL    |                |
| W     | int(2)     | YES  |     | NULL    |                |
| L     | int(2)     | YES  |     | NULL    |                |
+-------+------------+------+-----+---------+----------------+
4 rows in set (0.00 sec)

mysql> exit
Bye
mqk5896@e5-cse-cs431fa21s1-40:~$ exit
logout
